{"@timestamp": "2025-06-23T13:57:32+00:00", "status": 200, "url": "/api/context/...", "request_method": "GET", "response_time": 0.024, "http_user_agent": "..."}
{"@timestamp": "2025-07-22T13:57:32+00:00", "status": 200, "url": "/api/context/...", "request_method": "GET", "response_time": 0.02, "http_user_agent": "..."}
{"@timestamp": "2025-06-25T13:57:32+00:00", "status": 200, "url": "/api/context/...", "request_method": "GET", "response_time": 0.024, "http_user_agent": "..."}
{"@timestamp": "2025-06-22T13:57:32+00:00", "status": 200, "url": "/api/homeworks/...", "request_method": "GET", "response_time": 0.06, "http_user_agent": "..."}
{"@timestamp": "2025-08-22T13:57:32+00:00", "status": 200, "url": "/api/homeworks/...", "request_method": "GET", "response_time": 0.032, "http_user_agent": "..."}
{"@timestamp": "2025-06-22T13:57:32+00:00", "status": 200, "url": "/api/homeworks/...", "request_method": "GET", "response_time": 0.06, "http_user_agent": "..."}
{"@timestamp": "2025-06-24T13:57:32+00:00", "status": 200, "url": "/api/homeworks/...", "request_method": "GET", "response_time": 0.06, "http_user_agent": "..."}
{"@timestamp": "2025-01-22T13:57:32+00:00", "status": 200, "url": "/api/homeworks/...", "request_method": "GET", "response_time": 0.06, "http_user_agent": "..."}
{"@timestamp": "2025-06-22T13:57:32+00:00", "status": 200, "url": "/api/homeworks/...", "request_method": "GET", "response_time": 0.064, "http_user_agent": "..."}
{"@timestamp": "2025-07-22T13:57:32+00:00", "status": 200, "url": "/api/homeworks/...", "request_method": "GET", "response_time": 0.1, "http_user_agent": "..."}